// Jest Snapshot v1, https://goo.gl/fbAQLP

exports[`HeaderRow should have correct snapshot 1`] = `ShallowWrapper {}`;
