// Jest Snapshot v1, https://goo.gl/fbAQLP

exports[`HeaderCell should have correct snapshots 1`] = `ShallowWrapper {}`;
