// Jest Snapshot v1, https://goo.gl/fbAQLP

exports[`Pager should have correct snapshot 1`] = `ShallowWrapper {}`;
