// Jest Snapshot v1, https://goo.gl/fbAQLP

exports[`RowLayout should have correct snapshot 1`] = `ShallowWrapper {}`;
