// Jest Snapshot v1, https://goo.gl/fbAQLP

exports[`Table should have correct snapshot 1`] = `ShallowWrapper {}`;
