// Jest Snapshot v1, https://goo.gl/fbAQLP

exports[`MultipleSelectLabel should have correct snapshots 1`] = `ShallowWrapper {}`;
