// Jest Snapshot v1, https://goo.gl/fbAQLP

exports[`MultipleSelectOptionList should have correct snapshots 1`] = `ShallowWrapper {}`;
