// Jest Snapshot v1, https://goo.gl/fbAQLP

exports[`OptionAll should have correct snapshots 1`] = `ShallowWrapper {}`;
