// Jest Snapshot v1, https://goo.gl/fbAQLP

exports[`Option should have correct snapshots 1`] = `ShallowWrapper {}`;
