// Jest Snapshot v1, https://goo.gl/fbAQLP

exports[`CustomInput should have correct snapshots 1`] = `ShallowWrapper {}`;
