// Jest Snapshot v1, https://goo.gl/fbAQLP

exports[`index should have correct snapshots 1`] = `ShallowWrapper {}`;
